// Jest Snapshot v1, https://goo.gl/fbAQLP

exports[`renders banking app 1`] = `
<DocumentFragment>
  <div
    class="MuiContainer-root MuiContainer-maxWidthLg css-1oqqzyl-MuiContainer-root"
  >
    <div
      class="content MuiBox-root css-0"
    />
  </div>
</DocumentFragment>
`;
