// Jest Snapshot v1, https://goo.gl/fbAQLP

exports[`YourActivity Component renders YourActivity with children 1`] = `
<DocumentFragment>
  <h1>
    Your Activity
  </h1>
  <hr
    class="MuiDivider-root MuiDivider-fullWidth css-9mgopn-MuiDivider-root"
  />
  <div
    class="MuiPaper-root MuiPaper-elevation MuiPaper-rounded MuiPaper-elevation1 MuiTableContainer-root css-11xur9t-MuiPaper-root-MuiTableContainer-root"
  >
    <table
      aria-label="activity table"
      class="MuiTable-root css-rqglhn-MuiTable-root"
    >
      <tbody
        class="MuiTableBody-root css-apqrd9-MuiTableBody-root"
      />
    </table>
  </div>
</DocumentFragment>
`;
